// Jest Snapshot v1, https://goo.gl/fbAQLP

exports[`Cards Tests should match the snapshot 1`] = `
<Cards
  closeMenu={[MockFunction]}
>
  <SearchBar
    searchText=""
    setSearchText={[Function]}
  >
    <input
      className="searchBar"
      onChange={[Function]}
      placeholder="Search cards..."
      type="text"
      value=""
    />
  </SearchBar>
  <section
    className="cards"
  />
</Cards>
`;
