// Jest Snapshot v1, https://goo.gl/fbAQLP

exports[`CardComponent Tests should match the snapshot 1`] = `
<Card
  cardData={
    Object {
      "description": "Craig is Head of Technology for _nology. He loves rock climbing and solving problems. The only problem craig hasn't been able to solve is how to climb while leaving his ego on the ground.",
      "name": "Craig Livings",
      "picture": "craig.png",
      "role": "Trainer",
      "skills": Object {
        "attitude": 8,
        "greed": 3,
        "loudness": 5,
        "mvp": 9,
        "sass": 7,
      },
    }
  }
>
  <article
    className="card"
  >
    <h3>
      Craig Livings
    </h3>
    <div
      className="topSection"
    >
      <section
        className="description"
      >
        Craig is Head of Technology for _nology. He loves rock climbing and solving problems. The only problem craig hasn't been able to solve is how to climb while leaving his ego on...
      </section>
      <img
        alt="Craig Livings's face"
        className="picture"
        src="craig.png"
      />
    </div>
    <table
      className="skills"
    >
      <tbody>
        <tr>
          <th>
            Loudness
          </th>
          <td>
            5
          </td>
        </tr>
        <tr>
          <th>
            Greed
          </th>
          <td>
            3
          </td>
        </tr>
        <tr>
          <th>
            Attitude
          </th>
          <td>
            8
          </td>
        </tr>
        <tr>
          <th>
            Sass
          </th>
          <td>
            7
          </td>
        </tr>
        <tr>
          <th>
            MVP
          </th>
          <td>
            9
          </td>
        </tr>
      </tbody>
    </table>
  </article>
</Card>
`;
